V3 19
FL C:/Users/Jesus/Documents/GitHub/RepositorioGit/ContadorOctal/ContadorOctal.vhd 2014/01/13.02:16:29 P.68d
EN work/ContadorOctal 1389611828 \
      FL C:/Users/Jesus/Documents/GitHub/RepositorioGit/ContadorOctal/ContadorOctal.vhd \
      PB ieee/std_logic_1164 1370735607 PB ieee/std_logic_arith 1370735608 \
      PB ieee/STD_LOGIC_UNSIGNED 1370735609
AR work/ContadorOctal/Behavioral 1389611829 \
      FL C:/Users/Jesus/Documents/GitHub/RepositorioGit/ContadorOctal/ContadorOctal.vhd \
      EN work/ContadorOctal 1389611828
FL C:/Users/Jesus/Documents/GitHub/RepositorioGit/ContadorOctal/Decoder.vhd 2013/12/23.19:08:39 P.68d
EN work/decoder 1389611832 \
      FL C:/Users/Jesus/Documents/GitHub/RepositorioGit/ContadorOctal/Decoder.vhd \
      PB ieee/std_logic_1164 1370735607 PB ieee/std_logic_arith 1370735608 \
      PB ieee/STD_LOGIC_UNSIGNED 1370735609
AR work/decoder/dataflow 1389611833 \
      FL C:/Users/Jesus/Documents/GitHub/RepositorioGit/ContadorOctal/Decoder.vhd \
      EN work/decoder 1389611832
FL C:/Users/Jesus/Documents/GitHub/RepositorioGit/ContadorOctal/OctalCompleto.vhd 2014/01/13.02:17:01 P.68d
EN work/OctalCompleto 1389611830 \
      FL C:/Users/Jesus/Documents/GitHub/RepositorioGit/ContadorOctal/OctalCompleto.vhd \
      PB ieee/std_logic_1164 1370735607 PB ieee/std_logic_arith 1370735608 \
      PB ieee/STD_LOGIC_UNSIGNED 1370735609
AR work/OctalCompleto/Behavioral 1389611831 \
      FL C:/Users/Jesus/Documents/GitHub/RepositorioGit/ContadorOctal/OctalCompleto.vhd \
      EN work/OctalCompleto 1389611830 CP ContadorOctal
FL C:/Users/Jesus/Documents/GitHub/RepositorioGit/ContadorOctal/SelectorDisplay.vhd 2014/01/13.12:14:21 P.68d
EN work/SelectorDisplay 1389611834 \
      FL C:/Users/Jesus/Documents/GitHub/RepositorioGit/ContadorOctal/SelectorDisplay.vhd \
      PB ieee/std_logic_1164 1370735607
AR work/SelectorDisplay/Behavioral 1389611835 \
      FL C:/Users/Jesus/Documents/GitHub/RepositorioGit/ContadorOctal/SelectorDisplay.vhd \
      EN work/SelectorDisplay 1389611834
FL C:/Users/Jesus/Documents/GitHub/RepositorioGit/ContadorOctal/top.vhd 2014/01/13.12:16:35 P.68d
EN work/top 1389611836 \
      FL C:/Users/Jesus/Documents/GitHub/RepositorioGit/ContadorOctal/top.vhd \
      PB ieee/std_logic_1164 1370735607
AR work/top/Behavioral 1389611837 \
      FL C:/Users/Jesus/Documents/GitHub/RepositorioGit/ContadorOctal/top.vhd \
      EN work/top 1389611836 CP OctalCompleto CP decoder CP SelectorDisplay
